[www.ee.ryerson.ca/_ieee/img/ieee_favicon.ico]
[backblue.gif]
[fade.gif]
[index.html]
[www.ee.ryerson.ca/_ieee/img/header.jpg]
[www.ee.ryerson.ca/_ieee/img/comment.png]
[www.ee.ryerson.ca/_ieee/img/group_sm.jpg]
[www.ee.ryerson.ca/_ieee/img/star.png]
[www.ee.ryerson.ca/_ieee/img/footer.jpg]
[www.ee.ryerson.ca/_ieee/index.html]
[www.ieee.org/membership_services/membership/students/competitions/xtreme/ieeextreme_banner_728x90.png]
[www.ee.ryerson.ca/_ieee/img/mtarch.com_outside.jpg]
[www.ee.ryerson.ca/_ieee/pgs/main.html]
[www.ee.ryerson.ca/_ieee/pgs/aboutus.html]
[www.ee.ryerson.ca/_ieee/profile/pic/Corronzo.jpg]
[www.ee.ryerson.ca/_ieee/profile/pic/blank.jpg]
[www.ee.ryerson.ca/_ieee/profile/pic/Reuben.jpg]
[www.ee.ryerson.ca/_ieee/profile/index.html]
[www.ee.ryerson.ca/_ieee/pgs/contact.html]
[www.ee.ryerson.ca/_ieee/pgs/tutorials.html]
[www.ee.ryerson.ca/_ieee/pgs/lib.html]
[lh4.googleusercontent.com/-fSFoRWK-BQ4/To9Xch_yLyI/AAAAAAAAAZU/JucrL-QX2w0/s640/DSC05129.JPG]
[lh6.googleusercontent.com/-dquOgPjO2ew/TmuemrioSeI/AAAAAAAAAUw/LzcrcRVxCf0/s500/fair03.jpg]
[www.ee.ryerson.ca/_ieee/pgs/photos.html]
[www.ee.ryerson.ca/_ieee/img/forumtop.jpg]
[www.ee.ryerson.ca/_ieee/forum.html]
[www.ee.ryerson.ca/_ieee/pgs/links.html]
[www.ee.ryerson.ca/_ieee/pgs/execs.html]
[www.ee.ryerson.ca/_ieee/index-2.html]
[www.ee.ryerson.ca/_ieee/profile/IEEE_OfficialWebSite/public_html/profile/SpryAssets/SpryCollapsiblePanel.html]
[www.ee.ryerson.ca/_ieee/profile/IEEE_OfficialWebSite/public_html/profile/SpryAssets/SpryCollapsiblePanel-2.html]
[www.ee.ryerson.ca/_ieee/pre2010site/scripts/menu.js]
[www.ee.ryerson.ca/_ieee/pre2010site/scripts/ie5.js]
[www.ee.ryerson.ca/_ieee/pre2010site/scripts/DropDownMenu1.js]
[www.ee.ryerson.ca/_ieee/pre2010site/images/backwhite1.gif]
[www.ee.ryerson.ca/_ieee/pre2010site/images/toplogo.jpg]
[www.ee.ryerson.ca/_ieee/pre2010site/images/top1.jpg]
[www.ee.ryerson.ca/_ieee/pre2010site/images/topbuttons.jpg]
[www.ee.ryerson.ca/_ieee/pre2010site/images/rightsidemiddle.gif]
[www.ee.ryerson.ca/_ieee/pre2010site/images/rightsidebottom.gif]
[www.ee.ryerson.ca/_ieee/pre2010site/images/leftsidetopempty.jpg]
[www.ee.ryerson.ca/_ieee/pre2010site/images/leftsideback.gif]
[www.ee.ryerson.ca/_ieee/pre2010site/images/MATLAB.gif]
[www.ee.ryerson.ca/_ieee/pre2010site/images/Simulink.gif]
[www.ee.ryerson.ca/_ieee/pre2010site/images/SignalProcessing.gif]
[www.ee.ryerson.ca/_ieee/pre2010site/images/pdf.jpg]
[www.ee.ryerson.ca/_ieee/pre2010site/images/div1.gif]
[www.ee.ryerson.ca/_ieee/pre2010site/articles/MATLAB.html]
[www.ee.ryerson.ca/_ieee/pgs/soldering.html]
[www.ee.ryerson.ca/_ieee/profile/event3/event3.html]
[www.ee.ryerson.ca/_ieee/pre2010site/scripts/style1.css]
[www.ee.ryerson.ca/_ieee/pre2010site/images/rightsidetopempty.html]
[www.ee.ryerson.ca/_ieee/pre2010site/images/top2.jpg]
[www.ee.ryerson.ca/_ieee/pre2010site/images/button1.jpg]
[www.ee.ryerson.ca/_ieee/pre2010site/images/button2.jpg]
[www.ee.ryerson.ca/_ieee/pre2010site/images/button3.jpg]
[www.ee.ryerson.ca/_ieee/pre2010site/images/button4.jpg]
[www.ee.ryerson.ca/_ieee/pre2010site/images/button5.jpg]
[www.ee.ryerson.ca/_ieee/pre2010site/images/topdiv.gif]
[www.ee.ryerson.ca/_ieee/pre2010site/images/printer.gif]
[www.ee.ryerson.ca/_ieee/pre2010site/articles/MATLAB2.html]
[www.ee.ryerson.ca/_ieee/pre2010site/index.html]
[www.ee.ryerson.ca/_ieee/pre2010site/images/leftsidebottom.html]
[www.ee.ryerson.ca/_ieee/pre2010site/images/20030821_campusmapBIG.gif]
[www.ee.ryerson.ca/_ieee/pre2010site/contact.html]
[www.ee.ryerson.ca/_ieee/pre2010site/images/torontomap.gif]
[www.ee.ryerson.ca/_ieee/pre2010site/about.html]
[www.ee.ryerson.ca/_ieee/pre2010site/executives.html]
[www.ee.ryerson.ca/_ieee/pre2010site/images/zhao.jpg]
[www.ee.ryerson.ca/_ieee/pre2010site/counselor.html]
[www.ee.ryerson.ca/_ieee/pre2010site/constitution.html]
[www.ee.ryerson.ca/_ieee/pre2010site/minutes.html]
[www.ee.ryerson.ca/_ieee/pre2010site/labRules.html]
[www.ee.ryerson.ca/_ieee/pre2010site/feedback.html]
[www.ee.ryerson.ca/_ieee/pre2010site/articles.html]
[www.ee.ryerson.ca/_ieee/pre2010site/tutorials.html]
[www.ee.ryerson.ca/_ieee/pre2010site/articles/eequiz.html]
[www.ee.ryerson.ca/_ieee/pre2010site/flyers/flyer-workshop2004.pdf]
[www.ee.ryerson.ca/_ieee/pre2010site/newsletters/f2001.pdf]
[www.ee.ryerson.ca/_ieee/pre2010site/scripts/phprint.php]
[www.ee.ryerson.ca/_ieee/pre2010site/archive.html]
[www.ee.ryerson.ca/_ieee/pre2010site/helper.html]
[www.ee.ryerson.ca/_ieee/pre2010site/whatistheIEEE.html]
[www.ee.ryerson.ca/_ieee/pre2010site/benefitsIEEE.html]
[www.ee.ryerson.ca/_ieee/pre2010site/societiesIEEE.html]
[www.ee.ryerson.ca/_ieee/pre2010site/images/rates.jpg]
[www.ee.ryerson.ca/_ieee/pre2010site/membershipIEEE.html]
[www.ee.ryerson.ca/_ieee/pre2010site/codeOfEthics.html]
[www.ee.ryerson.ca/_ieee/pre2010site/officehours.html]
[www.ee.ryerson.ca/_ieee/pre2010site/events.html]
[www.ee.ryerson.ca/_ieee/pre2010site/links.html]
[www.ee.ryerson.ca/_ieee/pre2010site/faq.html]
[www.ee.ryerson.ca/_ieee/pre2010site/printable.html]
[www.ee.ryerson.ca/_ieee/pre2010site/addtoforum.html]
[www.ee.ryerson.ca/_ieee/pre2010site/executives0910.html]
[www.ee.ryerson.ca/_ieee/pre2010site/images/phan_09.jpg]
[www.ee.ryerson.ca/_ieee/pre2010site/cordinator.html]
[www.ee.ryerson.ca/_ieee/pre2010site/images/eeQuizLogo.jpg]
[www.ee.ryerson.ca/_ieee/pre2010site/images/startbutton.jpg]
[www.ee.ryerson.ca/_ieee/pre2010site/eequiz.html]
[www.ee.ryerson.ca/_ieee/pre2010site/comment.html]
[www.ee.ryerson.ca/_ieee/pre2010site/oldminutes.html]
[www.ee.ryerson.ca/_ieee/pre2010site/articles/10004.html]
[www.ee.ryerson.ca/_ieee/pre2010site/articles/10005.html]
[www.ee.ryerson.ca/_ieee/pre2010site/articles/10006.html]
[www.ee.ryerson.ca/_ieee/pre2010site/newletters/w2005.html]
[www.ee.ryerson.ca/_ieee/GRW/Pages1_15_RWP_Proceedings_2005.html]
[www.ee.ryerson.ca/_ieee/GRW/Pages16_30_RWP_Proceedings_2005.html]
[www.ee.ryerson.ca/_ieee/GRW/Pages31_46_RWP_Proceedings_2005.html]
[www.ee.ryerson.ca/_ieee/pre2010site/images/prev.gif]
[www.ee.ryerson.ca/_ieee/pre2010site/images/next.gif]
[www.ee.ryerson.ca/_ieee/pre2010site/images/eeQuizLogo_sm.gif]
[www.ee.ryerson.ca/_ieee/pre2010site/quiz/ques1.html]
[www.ee.ryerson.ca/_ieee/pre2010site/quiz/ques2.html]
[www.ee.ryerson.ca/_ieee/pre2010site/quiz/ques3.html]
[www.ee.ryerson.ca/_ieee/pre2010site/quiz/ques4_clip_image001.jpg]
[www.ee.ryerson.ca/_ieee/pre2010site/quiz/ques4.html]
[www.ee.ryerson.ca/_ieee/pre2010site/quiz/ques5.html]
[www.ee.ryerson.ca/_ieee/pre2010site/images/cct1.gif]
[www.ee.ryerson.ca/_ieee/pre2010site/images/cct2.gif]
[www.ee.ryerson.ca/_ieee/pre2010site/quiz/ques6.html]
[www.ee.ryerson.ca/_ieee/pre2010site/quiz/ques7.html]
[www.ee.ryerson.ca/_ieee/pre2010site/quiz/ques8_clip_image001.gif]
[www.ee.ryerson.ca/_ieee/pre2010site/quiz/ques8.html]
[www.ee.ryerson.ca/_ieee/pre2010site/quiz/ques9.html]
[www.ee.ryerson.ca/_ieee/pre2010site/quiz/ques10_clip_image001.gif]
[www.ee.ryerson.ca/_ieee/pre2010site/quiz/ques10_clip_image002.gif]
[www.ee.ryerson.ca/_ieee/pre2010site/quiz/ques10.html]
[www.ee.ryerson.ca/_ieee/index_bot.html]
[www.ee.ryerson.ca/_ieee/pre2010site/articles/faq.html]
[www.ee.ryerson.ca/_ieee/pre2010site/articles/10004pf.html]
[www.ee.ryerson.ca/_ieee/pre2010site/articles/10005pf.html]
[www.ee.ryerson.ca/_ieee/pre2010site/articles/10006pf.html]
[www.ee.ryerson.ca/_ieee/pre2010site/quiz/ans1.html]
[www.ee.ryerson.ca/_ieee/pre2010site/quiz/addtoforum.html]
[www.ee.ryerson.ca/_ieee/pre2010site/quiz/ans2.html]
[www.ee.ryerson.ca/_ieee/pre2010site/quiz/ans3.html]
[www.ee.ryerson.ca/_ieee/pre2010site/quiz/scripts/phprint.html]
[www.ee.ryerson.ca/_ieee/pre2010site/quiz/ans4.html]
[www.ee.ryerson.ca/_ieee/pre2010site/quiz/ans5.html]
[www.ee.ryerson.ca/_ieee/pre2010site/quiz/ans6.html]
[www.ee.ryerson.ca/_ieee/pre2010site/quiz/ans7.html]
[www.ee.ryerson.ca/_ieee/pre2010site/quiz/ans8.html]
[www.ee.ryerson.ca/_ieee/pre2010site/quiz/ans9.html]
[www.ee.ryerson.ca/_ieee/pre2010site/quiz/ques10_clip_image001_0000.gif]
[www.ee.ryerson.ca/_ieee/pre2010site/quiz/ans10.html]
[kevkev.net/ieeeimage/03.html]
[kevkev.net/ieeeimage/04.html]
[kevkev.net/ieeeimage/01.html]
[kevkev.net/ieeeimage/02.html]
